// Jest Snapshot v1, https://goo.gl/fbAQLP

exports[`officeStructure component should render with no errors 1`] = `
<OnboardingLayout
  layoutLeft={
    <UNDEFINED>
      <SetOfficeStructure
        activeBlock="X-Space"
        blocks={
          Array [
            Object {
              "name": "X-Space",
              "structureId": "7ddaeca4-d0b8-4675-9fa2-15ad68449cad",
            },
          ]
        }
        handleLeveltype={[Function]}
        inputValue="1"
        levelType=""
        onChangeValue={[Function]}
        onInputChange={[Function]}
        toggleBlock={[Function]}
      />
      <NextButton
        flattenedData={
          Array [
            Object {
              "level": 2,
              "locationId": 10,
              "name": "",
              "parentId": "",
              "parentTitle": "",
              "position": 1,
              "structureId": "0cde092d-e8c9-49ac-96f0-35de50388f3c",
              "tag": "",
            },
          ]
        }
        handleOnClick={undefined}
      />
    </UNDEFINED>
  }
  layoutRight={
    <UNDEFINED>
      <OfficeStructurePreview />
    </UNDEFINED>
  }
/>
`;
