// Jest Snapshot v1, https://goo.gl/fbAQLP

exports[`AnalyticsActivity component should render daily room events 1`] = `
<AnalyticsActivity
  dateValue={
    Object {
      "endDate": null,
      "startDate": null,
    }
  }
  queryCompleted={
    [MockFunction] {
      "calls": Array [
        Array [
          "analyticsForDailyRoomEvents",
        ],
        Array [
          "analyticsForDailyRoomEvents",
        ],
        Array [
          "analyticsForDailyRoomEvents",
        ],
        Array [
          "analyticsForDailyRoomEvents",
        ],
        Array [
          "analyticsForDailyRoomEvents",
        ],
        Array [
          "analyticsForDailyRoomEvents",
        ],
      ],
    }
  }
>
  <center
    className="room__events"
  >
    <div
      className="meeting-title"
    >
      <div
        className="title-heading"
      >
        Meeting Title
      </div>
      <div
        className="room-heading"
      >
        Booked Room
      </div>
      <div
        className="status-heading"
      >
        Status
      </div>
      <div
        className="participant-heading"
      >
        Participants
      </div>
    </div>
    <Overlay
      id="average-meeting"
    >
      <div>
        <div
          className="overlay"
          id="average-meeting"
        />
        <div
          className="Pagination-spinner"
        >
          <Spinner
            size=""
          >
            <div
              className="centered"
            >
              <div
                className="spinner"
              />
            </div>
          </Spinner>
        </div>
      </div>
    </Overlay>
    <div>
      <div
        className="activity"
        key="ca8a35f1-f627-49a4-893c-5f950182c0db"
      >
        <div
          className="activity-day"
        >
          Thu May 30, 2019
        </div>
        <div
          className="activity-info-row"
          key="1e4d388a-7ca3-422b-9a00-d94e9d6e3203"
        >
          <div
            className="title"
          >
            <div>
              Measure Standup
            </div>
          </div>
          <div
            className="room"
          >
            Ikogosi
          </div>
          <div
            className="status"
          >
            <div
              className="started"
            >
              Started 
              <bdi>
                05:15:00
                 
                EAT
              </bdi>
            </div>
            <div
              className="ended"
            >
              Ended 
              <bdi>
                05:45:00
                 
                EAT
              </bdi>
            </div>
          </div>
          <div
            className="participants"
          >
            <img
              alt=""
              src="https://firebasestorage.googleapis.com/v0/b/learning-map-app.appspot.com/o/MrmFrontImages%2FGroup.svg?alt=media&token=7f06b0bb-46bb-456a-ac35-9eeab8a16362"
            />
            <span>
              10
            </span>
          </div>
        </div>
      </div>
      <div
        className="activity"
        key="c445011b-b6d7-4f34-b6fd-2a1d083f27ac"
      >
        <div
          className="activity-day"
        >
          Thu May 30, 2019
        </div>
        <div
          className="activity-info-row"
          key="519612c0-371b-4f9c-aa5a-59900c06e82e"
        >
          <div
            className="title"
          >
            <div>
              Olamide x David
            </div>
          </div>
          <div
            className="room"
          >
            Safari5
          </div>
          <div
            className="status"
          >
            <div
              className="started"
            >
              Started 
              <bdi>
                01:00:00
                 
                EAT
              </bdi>
            </div>
            <div
              className="ended"
            >
              Ended 
              <bdi>
                02:00:00
                 
                EAT
              </bdi>
            </div>
          </div>
          <div
            className="participants"
          >
            <img
              alt=""
              src="https://firebasestorage.googleapis.com/v0/b/learning-map-app.appspot.com/o/MrmFrontImages%2FGroup.svg?alt=media&token=7f06b0bb-46bb-456a-ac35-9eeab8a16362"
            />
            <span>
              5
            </span>
          </div>
        </div>
      </div>
      <div
        className="activity"
        key="39bf7f64-6305-4eaa-8c77-dac8b5534d7a"
      >
        <div
          className="activity-day"
        >
          Thu May 30, 2019
        </div>
        <div
          className="activity-info-row"
          key="8b53bef8-0597-4246-84bd-75565d8b4f0b"
        >
          <div
            className="title"
          >
            <div>
              Interview: Oluwagbemileke Oguntayo  - Senior Operations Manager, Nigeria
            </div>
          </div>
          <div
            className="room"
          >
            Kajuru
          </div>
          <div
            className="status"
          >
            <div
              className="started"
            >
              Started 
              <bdi>
                01:00:00
                 
                EAT
              </bdi>
            </div>
            <div
              className="ended"
            >
              Ended 
              <bdi>
                02:00:00
                 
                EAT
              </bdi>
            </div>
          </div>
          <div
            className="participants"
          >
            <img
              alt=""
              src="https://firebasestorage.googleapis.com/v0/b/learning-map-app.appspot.com/o/MrmFrontImages%2FGroup.svg?alt=media&token=7f06b0bb-46bb-456a-ac35-9eeab8a16362"
            />
            <span>
              4
            </span>
          </div>
        </div>
      </div>
      <div
        className="activity"
        key="92bd9a7b-3e9e-4b8a-bd76-ad64ad0ad800"
      >
        <div
          className="activity-day"
        >
          Thu May 30, 2019
        </div>
        <div
          className="activity-info-row"
          key="f2d4bc92-3745-445d-8f86-0ab47866bb7a"
        >
          <div
            className="title"
          >
            <div>
              Agnes / Annabelle Catch Up
            </div>
          </div>
          <div
            className="room"
          >
            Safari-me
          </div>
          <div
            className="status"
          >
            <div
              className="started"
            >
              Started 
              <bdi>
                04:30:00
                 
                EAT
              </bdi>
            </div>
            <div
              className="ended"
            >
              Ended 
              <bdi>
                05:00:00
                 
                EAT
              </bdi>
            </div>
          </div>
          <div
            className="participants"
          >
            <img
              alt=""
              src="https://firebasestorage.googleapis.com/v0/b/learning-map-app.appspot.com/o/MrmFrontImages%2FGroup.svg?alt=media&token=7f06b0bb-46bb-456a-ac35-9eeab8a16362"
            />
            <span>
              3
            </span>
          </div>
        </div>
      </div>
      <div
        className="activity"
        key="8a64798d-3e97-426b-aeaa-f05ff0a2b67d"
      >
        <div
          className="activity-day"
        >
          Thu May 30, 2019
        </div>
        <div
          className="activity-info-row"
          key="23d39087-e2dc-4f54-9423-3ceece9da890"
        >
          <div
            className="title"
          >
            <div>
              Apprenticeship Sync
            </div>
          </div>
          <div
            className="room"
          >
            Cotonous
          </div>
          <div
            className="status"
          >
            <div
              className="started"
            >
              Started 
              <bdi>
                03:30:00
                 
                EAT
              </bdi>
            </div>
            <div
              className="ended"
            >
              Ended 
              <bdi>
                04:30:00
                 
                EAT
              </bdi>
            </div>
          </div>
          <div
            className="participants"
          >
            <img
              alt=""
              src="https://firebasestorage.googleapis.com/v0/b/learning-map-app.appspot.com/o/MrmFrontImages%2FGroup.svg?alt=media&token=7f06b0bb-46bb-456a-ac35-9eeab8a16362"
            />
            <span>
              59
            </span>
          </div>
        </div>
      </div>
      <div
        className="activity"
        key="5ea98f3a-9221-40d8-9fe3-19bcc1ec87a2"
      >
        <div
          className="activity-day"
        >
          Thu May 30, 2019
        </div>
        <div
          className="activity-info-row"
          key="2a04c433-a2f4-41dd-959e-266e06b61f1e"
        >
          <div
            className="title"
          >
            <div>
              Interview: Oluwatoyin Williams-Edem - Senior Manager, HR Business Partner
            </div>
          </div>
          <div
            className="room"
          >
            Safari-me
          </div>
          <div
            className="status"
          >
            <div
              className="started"
            >
              Started 
              <bdi>
                12:00:00
                 
                EAT
              </bdi>
            </div>
            <div
              className="ended"
            >
              Ended 
              <bdi>
                01:00:00
                 
                EAT
              </bdi>
            </div>
          </div>
          <div
            className="participants"
          >
            <img
              alt=""
              src="https://firebasestorage.googleapis.com/v0/b/learning-map-app.appspot.com/o/MrmFrontImages%2FGroup.svg?alt=media&token=7f06b0bb-46bb-456a-ac35-9eeab8a16362"
            />
            <span>
              3
            </span>
          </div>
        </div>
      </div>
      <div
        className="activity"
        key="4fa938ae-3a89-4129-9d9a-940edc040e47"
      >
        <div
          className="activity-day"
        >
          Thu May 30, 2019
        </div>
        <div
          className="activity-info-row"
          key="dee1a66e-fdd9-4997-91a1-f40522f2dda4"
        >
          <div
            className="title"
          >
            <div>
              Apprenticeship Sync
            </div>
          </div>
          <div
            className="room"
          >
            Cotonous
          </div>
          <div
            className="status"
          >
            <div
              className="started"
            >
              Started 
              <bdi>
                03:30:00
                 
                EAT
              </bdi>
            </div>
            <div
              className="ended"
            >
              Ended 
              <bdi>
                04:30:00
                 
                EAT
              </bdi>
            </div>
          </div>
          <div
            className="participants"
          >
            <img
              alt=""
              src="https://firebasestorage.googleapis.com/v0/b/learning-map-app.appspot.com/o/MrmFrontImages%2FGroup.svg?alt=media&token=7f06b0bb-46bb-456a-ac35-9eeab8a16362"
            />
            <span>
              59
            </span>
          </div>
        </div>
      </div>
      <div
        className="activity"
        key="70644baf-45aa-462b-84fd-615410ba3b9e"
      >
        <div
          className="activity-day"
        >
          Thu May 30, 2019
        </div>
        <div
          className="activity-info-row"
          key="130683e1-388f-4f5b-8d6e-57fa72d638c5"
        >
          <div
            className="title"
          >
            <div>
              Team meetings
            </div>
          </div>
          <div
            className="room"
          >
            Safari-me
          </div>
          <div
            className="status"
          >
            <div
              className="started"
            >
              Started 
              <bdi>
                02:00:00
                 
                EAT
              </bdi>
            </div>
            <div
              className="ended"
            >
              Ended 
              <bdi>
                03:30:00
                 
                EAT
              </bdi>
            </div>
          </div>
          <div
            className="participants"
          >
            <img
              alt=""
              src="https://firebasestorage.googleapis.com/v0/b/learning-map-app.appspot.com/o/MrmFrontImages%2FGroup.svg?alt=media&token=7f06b0bb-46bb-456a-ac35-9eeab8a16362"
            />
            <span>
              2
            </span>
          </div>
        </div>
      </div>
      <div
        className="activity"
        key="2a4c21b6-c030-496f-bfcf-314fdb70b505"
      >
        <div
          className="activity-day"
        >
          Thu May 30, 2019
        </div>
        <div
          className="activity-info-row"
          key="aa0f4364-0fdc-4952-9f6e-cc2d9416a343"
        >
          <div
            className="title"
          >
            <div>
              Extended org sync
            </div>
          </div>
          <div
            className="room"
          >
            Cognito
          </div>
          <div
            className="status"
          >
            <div
              className="started"
            >
              Started 
              <bdi>
                02:00:00
                 
                EAT
              </bdi>
            </div>
            <div
              className="ended"
            >
              Ended 
              <bdi>
                02:40:00
                 
                EAT
              </bdi>
            </div>
          </div>
          <div
            className="participants"
          >
            <img
              alt=""
              src="https://firebasestorage.googleapis.com/v0/b/learning-map-app.appspot.com/o/MrmFrontImages%2FGroup.svg?alt=media&token=7f06b0bb-46bb-456a-ac35-9eeab8a16362"
            />
            <span>
              12
            </span>
          </div>
        </div>
      </div>
      <div
        className="activity"
        key="f921fb23-3233-40be-9262-24197e3b7d68"
      >
        <div
          className="activity-day"
        >
          Thu May 30, 2019
        </div>
        <div
          className="activity-info-row"
          key="a1e76082-9e09-4588-a3e6-487b1d343eb7"
        >
          <div
            className="title"
          >
            <div>
              Ann &lt;&gt; Sam
            </div>
          </div>
          <div
            className="room"
          >
            Oculus
          </div>
          <div
            className="status"
          >
            <div
              className="started"
            >
              Started 
              <bdi>
                01:00:00
                 
                EAT
              </bdi>
            </div>
            <div
              className="ended"
            >
              Ended 
              <bdi>
                02:00:00
                 
                EAT
              </bdi>
            </div>
          </div>
          <div
            className="participants"
          >
            <img
              alt=""
              src="https://firebasestorage.googleapis.com/v0/b/learning-map-app.appspot.com/o/MrmFrontImages%2FGroup.svg?alt=media&token=7f06b0bb-46bb-456a-ac35-9eeab8a16362"
            />
            <span>
              5
            </span>
          </div>
        </div>
      </div>
      <div
        className="activity"
        key="003b9305-45b5-4fd6-b910-a66bb62020c3"
      >
        <div
          className="activity-day"
        >
          Thu May 30, 2019
        </div>
        <div
          className="activity-info-row"
          key="4fa16355-cab2-4d11-aafe-7987399ad466"
        >
          <div
            className="title"
          >
            <div>
              Interview: Ayodele Odufuye - Senior Manager, HR Business Partner
            </div>
          </div>
          <div
            className="room"
          >
            Safari-me
          </div>
          <div
            className="status"
          >
            <div
              className="started"
            >
              Started 
              <bdi>
                01:00:00
                 
                EAT
              </bdi>
            </div>
            <div
              className="ended"
            >
              Ended 
              <bdi>
                02:00:00
                 
                EAT
              </bdi>
            </div>
          </div>
          <div
            className="participants"
          >
            <img
              alt=""
              src="https://firebasestorage.googleapis.com/v0/b/learning-map-app.appspot.com/o/MrmFrontImages%2FGroup.svg?alt=media&token=7f06b0bb-46bb-456a-ac35-9eeab8a16362"
            />
            <span>
              3
            </span>
          </div>
        </div>
      </div>
      <div
        className="activity"
        key="27240161-eedb-4df0-8ac8-4ef0c32149c5"
      >
        <div
          className="activity-day"
        >
          Thu May 30, 2019
        </div>
        <div
          className="activity-info-row"
          key="fca9b92b-cf0d-4a24-920d-5c55dd08f399"
        >
          <div
            className="title"
          >
            <div>
              Member Education
            </div>
          </div>
          <div
            className="room"
          >
            Oculus
          </div>
          <div
            className="status"
          >
            <div
              className="started"
            >
              Started 
              <bdi>
                03:00:00
                 
                EAT
              </bdi>
            </div>
            <div
              className="ended"
            >
              Ended 
              <bdi>
                04:30:00
                 
                EAT
              </bdi>
            </div>
          </div>
          <div
            className="participants"
          >
            <img
              alt=""
              src="https://firebasestorage.googleapis.com/v0/b/learning-map-app.appspot.com/o/MrmFrontImages%2FGroup.svg?alt=media&token=7f06b0bb-46bb-456a-ac35-9eeab8a16362"
            />
            <span>
              2
            </span>
          </div>
        </div>
      </div>
      <div
        className="activity"
        key="5e62a8d6-737b-421c-b04f-ef0d92e2091c"
      >
        <div
          className="activity-day"
        >
          Thu May 30, 2019
        </div>
        <div
          className="activity-info-row"
          key="a3381bde-2178-4297-8358-80fe5ee7013a"
        >
          <div
            className="title"
          >
            <div>
              Engineer Self Check-in 
            </div>
          </div>
          <div
            className="room"
          >
            test-5
          </div>
          <div
            className="status"
          >
            <div
              className="started"
            >
              Started 
              <bdi>
                01:30:00
                 
                EAT
              </bdi>
            </div>
            <div
              className="ended"
            >
              Ended 
              <bdi>
                02:00:00
                 
                EAT
              </bdi>
            </div>
          </div>
          <div
            className="participants"
          >
            <img
              alt=""
              src="https://firebasestorage.googleapis.com/v0/b/learning-map-app.appspot.com/o/MrmFrontImages%2FGroup.svg?alt=media&token=7f06b0bb-46bb-456a-ac35-9eeab8a16362"
            />
            <span>
              6
            </span>
          </div>
        </div>
      </div>
      <div
        className="activity"
        key="913318c3-eaa9-49f3-93e5-84592a13095b"
      >
        <div
          className="activity-day"
        >
          Thu May 30, 2019
        </div>
        <div
          className="activity-info-row"
          key="fdf9054a-d7eb-4634-9828-fff3bf3fac10"
        >
          <div
            className="title"
          >
            <div>
              Oladimeji + Tejumade _ Software Engineer (Values Alignment Call)
            </div>
          </div>
          <div
            className="room"
          >
            Ikogosi
          </div>
          <div
            className="status"
          >
            <div
              className="started"
            >
              Started 
              <bdi>
                04:30:00
                 
                EAT
              </bdi>
            </div>
            <div
              className="ended"
            >
              Ended 
              <bdi>
                05:30:00
                 
                EAT
              </bdi>
            </div>
          </div>
          <div
            className="participants"
          >
            <img
              alt=""
              src="https://firebasestorage.googleapis.com/v0/b/learning-map-app.appspot.com/o/MrmFrontImages%2FGroup.svg?alt=media&token=7f06b0bb-46bb-456a-ac35-9eeab8a16362"
            />
            <span>
              3
            </span>
          </div>
        </div>
      </div>
      <div
        className="activity"
        key="53f9ebf0-92fe-4dee-bf13-6011094133cd"
      >
        <div
          className="activity-day"
        >
          Thu May 30, 2019
        </div>
        <div
          className="activity-info-row"
          key="49ff2b21-37af-4279-a44b-6c968138d9fa"
        >
          <div
            className="title"
          >
            <div>
              Chux &lt;&gt; Godwin - Values Alignment Interview
            </div>
          </div>
          <div
            className="room"
          >
            Ikogosi
          </div>
          <div
            className="status"
          >
            <div
              className="started"
            >
              Started 
              <bdi>
                01:30:00
                 
                EAT
              </bdi>
            </div>
            <div
              className="ended"
            >
              Ended 
              <bdi>
                02:30:00
                 
                EAT
              </bdi>
            </div>
          </div>
          <div
            className="participants"
          >
            <img
              alt=""
              src="https://firebasestorage.googleapis.com/v0/b/learning-map-app.appspot.com/o/MrmFrontImages%2FGroup.svg?alt=media&token=7f06b0bb-46bb-456a-ac35-9eeab8a16362"
            />
            <span>
              3
            </span>
          </div>
        </div>
      </div>
      <div
        className="activity"
        key="a9eca99a-1317-433f-83bf-ee7bbef5702c"
      >
        <div
          className="activity-day"
        >
          Thu May 30, 2019
        </div>
        <div
          className="activity-info-row"
          key="ecb26a56-c8b0-42ac-b1c7-745a663de6e5"
        >
          <div
            className="title"
          >
            <div>
              Brad &lt;&gt; Tope 1:1
            </div>
          </div>
          <div
            className="room"
          >
            Ikogosi
          </div>
          <div
            className="status"
          >
            <div
              className="started"
            >
              Started 
              <bdi>
                04:00:00
                 
                EAT
              </bdi>
            </div>
            <div
              className="ended"
            >
              Ended 
              <bdi>
                04:30:00
                 
                EAT
              </bdi>
            </div>
          </div>
          <div
            className="participants"
          >
            <img
              alt=""
              src="https://firebasestorage.googleapis.com/v0/b/learning-map-app.appspot.com/o/MrmFrontImages%2FGroup.svg?alt=media&token=7f06b0bb-46bb-456a-ac35-9eeab8a16362"
            />
            <span>
              3
            </span>
          </div>
        </div>
      </div>
      <div
        className="activity"
        key="bb490782-fa28-4677-9071-7ce332fec9de"
      >
        <div
          className="activity-day"
        >
          Thu May 30, 2019
        </div>
        <div
          className="activity-info-row"
          key="52660ca6-3701-4529-a9b6-30a2c592c320"
        >
          <div
            className="title"
          >
            <div>
              Lara&lt;&gt;Nneka
            </div>
          </div>
          <div
            className="room"
          >
            Ikogosi
          </div>
          <div
            className="status"
          >
            <div
              className="started"
            >
              Started 
              <bdi>
                06:00:00
                 
                EAT
              </bdi>
            </div>
            <div
              className="ended"
            >
              Ended 
              <bdi>
                06:30:00
                 
                EAT
              </bdi>
            </div>
          </div>
          <div
            className="participants"
          >
            <img
              alt=""
              src="https://firebasestorage.googleapis.com/v0/b/learning-map-app.appspot.com/o/MrmFrontImages%2FGroup.svg?alt=media&token=7f06b0bb-46bb-456a-ac35-9eeab8a16362"
            />
            <span>
              4
            </span>
          </div>
        </div>
      </div>
      <div
        className="activity"
        key="94f41288-6db1-4582-b374-11aaad5ec540"
      >
        <div
          className="activity-day"
        >
          Thu May 30, 2019
        </div>
        <div
          className="activity-info-row"
          key="9065894d-7762-4234-b9e6-515b20442af0"
        >
          <div
            className="title"
          >
            <div>
              Ghana General Manager Interview: Christiane Koenig
            </div>
          </div>
          <div
            className="room"
          >
            Empire State
          </div>
          <div
            className="status"
          >
            <div
              className="started"
            >
              Started 
              <bdi>
                12:00:00
                 
                EAT
              </bdi>
            </div>
            <div
              className="ended"
            >
              Ended 
              <bdi>
                12:50:00
                 
                EAT
              </bdi>
            </div>
          </div>
          <div
            className="participants"
          >
            <img
              alt=""
              src="https://firebasestorage.googleapis.com/v0/b/learning-map-app.appspot.com/o/MrmFrontImages%2FGroup.svg?alt=media&token=7f06b0bb-46bb-456a-ac35-9eeab8a16362"
            />
            <span>
              4
            </span>
          </div>
        </div>
      </div>
      <div
        className="activity"
        key="2e3a2f5f-8398-4951-a946-82eb34a516bf"
      >
        <div
          className="activity-day"
        >
          Thu May 30, 2019
        </div>
        <div
          className="activity-info-row"
          key="cc0a2c24-e655-42be-b574-4377bdaaddb3"
        >
          <div
            className="title"
          >
            <div>
              Extended org sync
            </div>
          </div>
          <div
            className="room"
          >
            Cognito
          </div>
          <div
            className="status"
          >
            <div
              className="started"
            >
              Started 
              <bdi>
                02:00:00
                 
                EAT
              </bdi>
            </div>
            <div
              className="ended"
            >
              Ended 
              <bdi>
                02:40:00
                 
                EAT
              </bdi>
            </div>
          </div>
          <div
            className="participants"
          >
            <img
              alt=""
              src="https://firebasestorage.googleapis.com/v0/b/learning-map-app.appspot.com/o/MrmFrontImages%2FGroup.svg?alt=media&token=7f06b0bb-46bb-456a-ac35-9eeab8a16362"
            />
            <span>
              12
            </span>
          </div>
        </div>
      </div>
      <div
        className="activity"
        key="bbff140d-5d86-44a6-8a7e-660e53ed4661"
      >
        <div
          className="activity-day"
        >
          Thu May 30, 2019
        </div>
        <div
          className="activity-info-row"
          key="b591fe2b-a187-4a2b-8dac-f4b421a8bfe0"
        >
          <div
            className="title"
          >
            <div>
              Member Education
            </div>
          </div>
          <div
            className="room"
          >
            Oculus
          </div>
          <div
            className="status"
          >
            <div
              className="started"
            >
              Started 
              <bdi>
                03:00:00
                 
                EAT
              </bdi>
            </div>
            <div
              className="ended"
            >
              Ended 
              <bdi>
                04:30:00
                 
                EAT
              </bdi>
            </div>
          </div>
          <div
            className="participants"
          >
            <img
              alt=""
              src="https://firebasestorage.googleapis.com/v0/b/learning-map-app.appspot.com/o/MrmFrontImages%2FGroup.svg?alt=media&token=7f06b0bb-46bb-456a-ac35-9eeab8a16362"
            />
            <span>
              2
            </span>
          </div>
        </div>
      </div>
      <div
        className="activity"
        key="1e99fa02-9a5a-4c64-980e-849b9aec4d77"
      >
        <div
          className="activity-day"
        >
          Thu May 30, 2019
        </div>
        <div
          className="activity-info-row"
          key="94f97b22-ffe3-4fb4-93b6-a8e9b16f11f9"
        >
          <div
            className="title"
          >
            <div>
              Ann &lt;&gt; Sam
            </div>
          </div>
          <div
            className="room"
          >
            Oculus
          </div>
          <div
            className="status"
          >
            <div
              className="started"
            >
              Started 
              <bdi>
                01:00:00
                 
                EAT
              </bdi>
            </div>
            <div
              className="ended"
            >
              Ended 
              <bdi>
                02:00:00
                 
                EAT
              </bdi>
            </div>
          </div>
          <div
            className="participants"
          >
            <img
              alt=""
              src="https://firebasestorage.googleapis.com/v0/b/learning-map-app.appspot.com/o/MrmFrontImages%2FGroup.svg?alt=media&token=7f06b0bb-46bb-456a-ac35-9eeab8a16362"
            />
            <span>
              5
            </span>
          </div>
        </div>
      </div>
      <div
        className="activity"
        key="0135d706-0da6-426a-bc85-e7ea46e091b6"
      >
        <div
          className="activity-day"
        >
          Thu May 30, 2019
        </div>
        <div
          className="activity-info-row"
          key="bc722152-5691-4338-b287-749623fcb534"
        >
          <div
            className="title"
          >
            <div>
              Onsite Interview: Douglas + Team | Recruiting Operations Associate
            </div>
          </div>
          <div
            className="room"
          >
            Algiers
          </div>
          <div
            className="status"
          >
            <div
              className="started"
            >
              Started 
              <bdi>
                01:00:00
                 
                EAT
              </bdi>
            </div>
            <div
              className="ended"
            >
              Ended 
              <bdi>
                02:00:00
                 
                EAT
              </bdi>
            </div>
          </div>
          <div
            className="participants"
          >
            <img
              alt=""
              src="https://firebasestorage.googleapis.com/v0/b/learning-map-app.appspot.com/o/MrmFrontImages%2FGroup.svg?alt=media&token=7f06b0bb-46bb-456a-ac35-9eeab8a16362"
            />
            <span>
              5
            </span>
          </div>
        </div>
      </div>
      <div
        className="activity"
        key="76b2dcea-705e-4c4f-b4ad-3abf762715e0"
      >
        <div
          className="activity-day"
        >
          Thu May 30, 2019
        </div>
        <div
          className="activity-info-row"
          key="2afae377-2675-48c3-9b53-02b325bc6168"
        >
          <div
            className="title"
          >
            <div>
              Values Call Alignment: Caroline&lt;&lt;&gt;&gt; Manasseh
            </div>
          </div>
          <div
            className="room"
          >
            Algiers
          </div>
          <div
            className="status"
          >
            <div
              className="started"
            >
              Started 
              <bdi>
                02:00:00
                 
                EAT
              </bdi>
            </div>
            <div
              className="ended"
            >
              Ended 
              <bdi>
                03:00:00
                 
                EAT
              </bdi>
            </div>
          </div>
          <div
            className="participants"
          >
            <img
              alt=""
              src="https://firebasestorage.googleapis.com/v0/b/learning-map-app.appspot.com/o/MrmFrontImages%2FGroup.svg?alt=media&token=7f06b0bb-46bb-456a-ac35-9eeab8a16362"
            />
            <span>
              3
            </span>
          </div>
        </div>
      </div>
      <div
        className="activity"
        key="dcd0e84d-8986-453f-baf8-b93e9d899f4c"
      >
        <div
          className="activity-day"
        >
          Thu May 30, 2019
        </div>
        <div
          className="activity-info-row"
          key="ffc39279-87d4-4c8b-8369-cebd686b1940"
        >
          <div
            className="title"
          >
            <div>
              Dev/Partner Meetings :)
            </div>
          </div>
          <div
            className="room"
          >
            Test Add
          </div>
          <div
            className="status"
          >
            <div
              className="started"
            >
              Started 
              <bdi>
                12:50:00
                 
                EAT
              </bdi>
            </div>
            <div
              className="ended"
            >
              Ended 
              <bdi>
                05:25:00
                 
                EAT
              </bdi>
            </div>
          </div>
          <div
            className="participants"
          >
            <img
              alt=""
              src="https://firebasestorage.googleapis.com/v0/b/learning-map-app.appspot.com/o/MrmFrontImages%2FGroup.svg?alt=media&token=7f06b0bb-46bb-456a-ac35-9eeab8a16362"
            />
            <span>
              2
            </span>
          </div>
        </div>
      </div>
    </div>
  </center>
</AnalyticsActivity>
`;
